---
source: src/lib.rs
expression: bash_script
---
"#!/usr/bin/env bash\n\n# Script generated by gh-sizer v0.1.0\n\nOUTPUT=$(gh sizer repo github/github/gh-sizer --output-format text)\necho $OUTPUT\n\n\n\n# Script generated by gh-sizer v0.1.0"

