---
source: src/linux_integration_tests.rs
expression: "String::from_utf8_lossy(&bash_command_output.stdout)"
---
""

