---
source: src/main.rs
expression: "String::from_utf8_lossy(&output.stdout)"
---
"{\n    \"unique_commit_count\": 1,\n    \"unique_commit_size\": 1059,\n    \"max_commit_size\": 1059,\n    \"max_commit\": \"3b4091f7aab031f87d515279e8f62ce2559076d9 (refs/heads/main)\",\n    \"max_history_depth\": 1,\n    \"max_parent_count\": 0,\n    \"max_parent_count_commit\": \"3b4091f7aab031f87d515279e8f62ce2559076d9 (refs/heads/main)\",\n    \"unique_tree_count\": 1,\n    \"unique_tree_size\": 37,\n    \"unique_tree_entries\": 1,\n    \"max_tree_entries\": 1,\n    \"max_tree_entries_tree\": \"3a46aa73a83a9f6b3e545686e0d1581a8e628ba3 (refs/heads/main^{tree})\",\n    \"unique_blob_count\": 1,\n    \"unique_blob_size\": 13,\n    \"max_blob_size\": 13,\n    \"max_blob_size_blob\": \"cd0875583aabe89ee197ea133980a9085d08e497 (refs/heads/main:README.md)\",\n    \"unique_tag_count\": 0,\n    \"max_tag_depth\": 0,\n    \"reference_count\": 1,\n    \"reference_groups\": {\n        \"\": 1,\n        \"branches\": 1\n    },\n    \"max_path_depth\": 1,\n    \"max_path_depth_tree\": \"3a46aa73a83a9f6b3e545686e0d1581a8e628ba3 (refs/heads/main^{tree})\",\n    \"max_path_length\": 9,\n    \"max_path_length_tree\": \"3a46aa73a83a9f6b3e545686e0d1581a8e628ba3 (refs/heads/main^{tree})\",\n    \"max_expanded_tree_count\": 1,\n    \"max_expanded_tree_count_tree\": \"3a46aa73a83a9f6b3e545686e0d1581a8e628ba3 (refs/heads/main^{tree})\",\n    \"max_expanded_blob_count\": 1,\n    \"max_expanded_blob_count_tree\": \"3a46aa73a83a9f6b3e545686e0d1581a8e628ba3 (refs/heads/main^{tree})\",\n    \"max_expanded_blob_size\": 13,\n    \"max_expanded_blob_size_tree\": \"3a46aa73a83a9f6b3e545686e0d1581a8e628ba3 (refs/heads/main^{tree})\",\n    \"max_expanded_link_count\": 0,\n    \"max_expanded_submodule_count\": 0\n}\n\n"

