---
source: src/main.rs
expression: "String::from_utf8_lossy(&bash_command_output.stdout)"
---
""

