---
source: src/linux_integration_tests.rs
expression: "String::from_utf8_lossy(&output.stdout)"
---
"#!/usr/bin/env bash\n\n# Script generated by gh-sizer v0.1.0\n\nmkdir -p output/directory\necho \"Processing repo gh-sizer-sandbox/second-repo (1/2)\"\ngh sizer repo gh-sizer-sandbox/second-repo --output-format text > output/directory/second-repo.txt\necho \"Processing repo gh-sizer-sandbox/first-repo (2/2)\"\ngh sizer repo gh-sizer-sandbox/first-repo --output-format text > output/directory/first-repo.txt\n\n\n# Script generated by gh-sizer v0.1.0\n"

