---
source: src/main.rs
expression: "String::from_utf8_lossy(&output.stdout)"
---
"| Name                         | Value     | Level of concern               |\n| ---------------------------- | --------- | ------------------------------ |\n| Overall repository size      |           |                                |\n| * Commits                    |           |                                |\n|   * Count                    |     1     |                                |\n|   * Total size               |  1.03 KiB |                                |\n| * Trees                      |           |                                |\n|   * Count                    |     1     |                                |\n|   * Total size               |    37 B   |                                |\n|   * Total tree entries       |     1     |                                |\n| * Blobs                      |           |                                |\n|   * Count                    |     1     |                                |\n|   * Total size               |    13 B   |                                |\n| * Annotated tags             |           |                                |\n|   * Count                    |     0     |                                |\n| * References                 |           |                                |\n|   * Count                    |     1     |                                |\n|     * Branches               |     1     |                                |\n|                              |           |                                |\n| Biggest objects              |           |                                |\n| * Commits                    |           |                                |\n|   * Maximum size         [1] |  1.03 KiB |                                |\n|   * Maximum parents      [1] |     0     |                                |\n| * Trees                      |           |                                |\n|   * Maximum entries      [2] |     1     |                                |\n| * Blobs                      |           |                                |\n|   * Maximum size         [3] |    13 B   |                                |\n|                              |           |                                |\n| History structure            |           |                                |\n| * Maximum history depth      |     1     |                                |\n| * Maximum tag depth          |     0     |                                |\n|                              |           |                                |\n| Biggest checkouts            |           |                                |\n| * Number of directories  [2] |     1     |                                |\n| * Maximum path depth     [2] |     1     |                                |\n| * Maximum path length    [2] |     9 B   |                                |\n| * Number of files        [2] |     1     |                                |\n| * Total size of files    [2] |    13 B   |                                |\n| * Number of symlinks         |     0     |                                |\n| * Number of submodules       |     0     |                                |\n\n[1]  3b4091f7aab031f87d515279e8f62ce2559076d9 (refs/heads/main)\n[2]  3a46aa73a83a9f6b3e545686e0d1581a8e628ba3 (refs/heads/main^{tree})\n[3]  cd0875583aabe89ee197ea133980a9085d08e497 (refs/heads/main:README.md)\n\n"

