---
source: src/lib.rs
expression: powershell_script
---
"#!/usr/bin/env pwsh\n\n# Script generated by gh-sizer v0.1.0\n\nNew-Item -Name output/directory -ItemType directory -Force | Out-Null\nWrite-Output \"Processing repo github/gh-sizer (1/1)\"\ngh sizer repo github/gh-sizer --output-format json | Out-File -Path output/directory/gh-sizer.txt\n\n# Script generated by gh-sizer v0.1.0"

