---
source: src/lib.rs
expression: bash_script
---
"#!/usr/bin/env bash\n\n# Script generated by gh-sizer v0.1.0\n\nmkdir -p output/directory\ngh sizer repo github/gh-sizer --output-format json > output/directory/gh-sizer.txt\n\n\n# Script generated by gh-sizer v0.1.0"

