---
source: src/linux_integration_tests.rs
expression: "String::from_utf8_lossy(&output.stdout)"
---
"#!/usr/bin/env pwsh\n\n# Script generated by gh-sizer v0.2.0\n\nNew-Item -Name output/directory -ItemType directory -Force | Out-Null\nWrite-Output \"Processing repo gh-sizer-sandbox/second-repo (1/2)\"\ngh sizer repo gh-sizer-sandbox/second-repo --output-format text | Out-File -Path output/directory/second-repo.txt\nWrite-Output \"Processing repo gh-sizer-sandbox/first-repo (2/2)\"\ngh sizer repo gh-sizer-sandbox/first-repo --output-format text | Out-File -Path output/directory/first-repo.txt\n\n# Script generated by gh-sizer v0.2.0\n"

