---
source: src/windows_integration_tests.rs
expression: "String::from_utf8_lossy(&output.stderr)"
---
"--output-filename must be a filename, not a path\n"

